{
    "directory_structure": {
        "content": [
            [
                "mini_genome",
                "mini_genome/carveme",
                "mini_genome/carveme/mini_genome.xml",
                "mini_genome/carveme/versions.yml",
                "mini_genome/dbcan",
                "mini_genome/dbcan/concatenated",
                "mini_genome/dbcan/concatenated/mini_genome_dbcan_cazyme.tsv",
                "mini_genome/dbcan/concatenated/mini_genome_dbcan_diamond.tsv",
                "mini_genome/dbcan/concatenated/mini_genome_dbcan_overview.tsv",
                "mini_genome/dbcan/concatenated/mini_genome_dbcan_substrate.tsv",
                "mini_genome/gapseq",
                "mini_genome/gapseq/mini_genome-Transporter.tbl",
                "mini_genome/gapseq/mini_genome-all-Pathways.tbl",
                "mini_genome/gapseq/mini_genome-all-Reactions.tbl",
                "mini_genome/gapseq/mini_genome-draft.RDS",
                "mini_genome/gapseq/mini_genome-draft.xml",
                "mini_genome/gapseq/mini_genome-medium.csv",
                "mini_genome/gapseq/mini_genome.RDS",
                "mini_genome/gapseq/mini_genome.faa.gz",
                "mini_genome/gapseq/mini_genome.gff",
                "mini_genome/gapseq/mini_genome.xml",
                "mini_genome/gapseq/versions.yml",
                "mini_genome/kofam",
                "mini_genome/kofam/concatenated",
                "mini_genome/kofam/concatenated/mini_genome_kofam.txt",
                "mini_genome/pfam",
                "mini_genome/pfam/concatenated",
                "mini_genome/pfam/concatenated/mini_genome_null.domtbl.gz",
                "mini_genome/pyrodigal",
                "mini_genome/pyrodigal/mini_genome.faa.gz",
                "mini_genome/pyrodigal/mini_genome.fna.gz",
                "mini_genome/pyrodigal/mini_genome.gff.gz",
                "mini_genome/pyrodigal/mini_genome.score.gz",
                "mini_genome/pyrodigal/versions.yml",
                "pipeline_info"
            ]
        ],
        "timestamp": "2026-04-20T23:00:00.24752",
        "meta": {
            "nf-test": "0.9.4",
            "nextflow": "25.10.4"
        }
    },
    "line_counts": {
        "content": [
            [
                [
                    "mini_genome/carveme/mini_genome.xml",
                    32116
                ],
                [
                    "mini_genome/carveme/versions.yml",
                    2
                ],
                [
                    "mini_genome/dbcan/concatenated/mini_genome_dbcan_cazyme.tsv",
                    1
                ],
                [
                    "mini_genome/dbcan/concatenated/mini_genome_dbcan_diamond.tsv",
                    2
                ],
                [
                    "mini_genome/dbcan/concatenated/mini_genome_dbcan_overview.tsv",
                    2
                ],
                [
                    "mini_genome/dbcan/concatenated/mini_genome_dbcan_substrate.tsv",
                    1
                ],
                [
                    "mini_genome/gapseq/mini_genome-Transporter.tbl",
                    736
                ],
                [
                    "mini_genome/gapseq/mini_genome-all-Pathways.tbl",
                    1933
                ],
                [
                    "mini_genome/gapseq/mini_genome-all-Reactions.tbl",
                    9427
                ],
                [
                    "mini_genome/gapseq/mini_genome-draft.xml",
                    7016
                ],
                [
                    "mini_genome/gapseq/mini_genome-medium.csv",
                    40
                ],
                [
                    "mini_genome/gapseq/mini_genome.gff",
                    157
                ],
                [
                    "mini_genome/gapseq/mini_genome.xml",
                    22981
                ],
                [
                    "mini_genome/gapseq/versions.yml",
                    2
                ],
                [
                    "mini_genome/kofam/concatenated/mini_genome_kofam.txt",
                    4
                ],
                [
                    "mini_genome/pyrodigal/versions.yml",
                    2
                ]
            ]
        ],
        "timestamp": "2026-04-21T06:23:41.526799",
        "meta": {
            "nf-test": "0.9.4",
            "nextflow": "25.10.4"
        }
    },
    "file_sizes": {
        "content": [
            [
                [
                    "mini_genome/carveme/mini_genome.xml",
                    2264062
                ],
                [
                    "mini_genome/carveme/versions.yml",
                    53
                ],
                [
                    "mini_genome/dbcan/concatenated/mini_genome_dbcan_cazyme.tsv",
                    116
                ],
                [
                    "mini_genome/dbcan/concatenated/mini_genome_dbcan_diamond.tsv",
                    195
                ],
                [
                    "mini_genome/dbcan/concatenated/mini_genome_dbcan_overview.tsv",
                    94
                ],
                [
                    "mini_genome/dbcan/concatenated/mini_genome_dbcan_substrate.tsv",
                    116
                ],
                [
                    "mini_genome/gapseq/mini_genome-Transporter.tbl",
                    205871
                ],
                [
                    "mini_genome/gapseq/mini_genome-all-Pathways.tbl",
                    149281
                ],
                [
                    "mini_genome/gapseq/mini_genome-all-Reactions.tbl",
                    1501356
                ],
                [
                    "mini_genome/gapseq/mini_genome-draft.RDS",
                    77393
                ],
                [
                    "mini_genome/gapseq/mini_genome-draft.xml",
                    524346
                ],
                [
                    "mini_genome/gapseq/mini_genome-medium.csv",
                    859
                ],
                [
                    "mini_genome/gapseq/mini_genome.RDS",
                    188216
                ],
                [
                    "mini_genome/gapseq/mini_genome.faa.gz",
                    30547
                ],
                [
                    "mini_genome/gapseq/mini_genome.gff",
                    34935
                ],
                [
                    "mini_genome/gapseq/mini_genome.xml",
                    1697170
                ],
                [
                    "mini_genome/gapseq/versions.yml",
                    46
                ],
                [
                    "mini_genome/kofam/concatenated/mini_genome_kofam.txt",
                    288
                ],
                [
                    "mini_genome/pfam/concatenated/mini_genome_null.domtbl.gz",
                    508
                ],
                [
                    "mini_genome/pyrodigal/mini_genome.faa.gz",
                    30504
                ],
                [
                    "mini_genome/pyrodigal/mini_genome.fna.gz",
                    44674
                ],
                [
                    "mini_genome/pyrodigal/mini_genome.gff.gz",
                    6518
                ],
                [
                    "mini_genome/pyrodigal/mini_genome.score.gz",
                    144336
                ],
                [
                    "mini_genome/pyrodigal/versions.yml",
                    57
                ]
            ]
        ],
        "timestamp": "2026-04-22T09:57:03.575059",
        "meta": {
            "nf-test": "0.9.4",
            "nextflow": "25.10.4"
        }
    },
    "file_md5s": {
        "content": [
            [
                [
                    "mini_genome/carveme/mini_genome.xml",
                    "4ae9e5352118f14bfd2afe89d09efa1f"
                ],
                [
                    "mini_genome/carveme/versions.yml",
                    "1f140d85274ab058a9aafd6f1f0a57bf"
                ],
                [
                    "mini_genome/dbcan/concatenated/mini_genome_dbcan_cazyme.tsv",
                    "7ce7b6536845ffa8907b3f3fb2b77a1b"
                ],
                [
                    "mini_genome/dbcan/concatenated/mini_genome_dbcan_diamond.tsv",
                    "e8f050332357862fb67c76e949e13a32"
                ],
                [
                    "mini_genome/dbcan/concatenated/mini_genome_dbcan_overview.tsv",
                    "05e7fe2bebf26fb8d4a476fe75aaaefd"
                ],
                [
                    "mini_genome/dbcan/concatenated/mini_genome_dbcan_substrate.tsv",
                    "7ce7b6536845ffa8907b3f3fb2b77a1b"
                ],
                [
                    "mini_genome/gapseq/mini_genome-Transporter.tbl",
                    "3ab8a5e8beb26d9650e1efdfb601a2c8"
                ],
                [
                    "mini_genome/gapseq/mini_genome-all-Pathways.tbl",
                    "489740b125a05a14c4d2ac357ebb4ba6"
                ],
                [
                    "mini_genome/gapseq/mini_genome-all-Reactions.tbl",
                    "d0343463d51cdf7e56d904d3aba82bbb"
                ],
                [
                    "mini_genome/gapseq/mini_genome-draft.xml",
                    "156f7efbcadeadbbd952cce3c09cefa2"
                ],
                [
                    "mini_genome/gapseq/mini_genome-medium.csv",
                    "df75d65834bc125b19d54f0cebc6f4b9"
                ],
                [
                    "mini_genome/gapseq/mini_genome.gff",
                    "d684789302f5b829261d1beb6a776daa"
                ],
                [
                    "mini_genome/gapseq/mini_genome.xml",
                    "90b14d9740d3374b331d239d3bcc1e06"
                ],
                [
                    "mini_genome/gapseq/versions.yml",
                    "b1aa23aa3ab9577ceeebdec6bee7b126"
                ],
                [
                    "mini_genome/kofam/concatenated/mini_genome_kofam.txt",
                    "ba34e9051ca45f2bd49d36cdc926911c"
                ],
                [
                    "mini_genome/pyrodigal/versions.yml",
                    "021eb9be5e549140411f4e4371f1b806"
                ]
            ]
        ],
        "timestamp": "2026-04-22T09:57:03.676925",
        "meta": {
            "nf-test": "0.9.4",
            "nextflow": "25.10.4"
        }
    }
}